<area shape="rect" href="$dsm_8h.html" title="Support the Application and Driver data for the Data Source Manager." alt="" coords="131,233,189,260">
<area shape="rect" title="Everything we need to make our .cpp files happy." alt="" coords="240,5,325,32">
<area shape="rect" title="Everything we need to make our .cpp files happy." alt="" coords="249,56,316,83">
<area shape="rect" href="$resource_8h&#45;source.html" title="Everything we need to make our .cpp files happy." alt="" coords="240,107,325,133">
<area shape="rect" title="Everything we need to make our .cpp files happy." alt="" coords="252,157,313,184">
<area shape="rect" title="Everything we need to make our .cpp files happy." alt="" coords="248,208,317,235">
<area shape="rect" title="Everything we need to make our .cpp files happy." alt="" coords="249,259,316,285">
<area shape="rect" title="Everything we need to make our .cpp files happy." alt="" coords="244,309,321,336">
<area shape="rect" title="Everything we need to make our .cpp files happy." alt="" coords="239,360,327,387">
<area shape="rect" title="Everything we need to make our .cpp files happy." alt="" coords="251,411,315,437">
<area shape="rect" title="Everything we need to make our .cpp files happy." alt="" coords="251,461,315,488">
