<area shape="rect" href="$dsm_8h.html" title="Data Source Manager." alt="" coords="128,233,187,260">
<area shape="rect" title="Everything we need to make our .cpp files happy." alt="" coords="237,5,323,32">
<area shape="rect" title="Everything we need to make our .cpp files happy." alt="" coords="247,56,313,83">
<area shape="rect" href="$resource_8h&#45;source.html" title="Everything we need to make our .cpp files happy." alt="" coords="237,107,323,133">
<area shape="rect" title="Everything we need to make our .cpp files happy." alt="" coords="249,157,311,184">
<area shape="rect" title="Everything we need to make our .cpp files happy." alt="" coords="245,208,315,235">
<area shape="rect" title="Everything we need to make our .cpp files happy." alt="" coords="247,259,313,285">
<area shape="rect" title="Everything we need to make our .cpp files happy." alt="" coords="241,309,319,336">
<area shape="rect" title="Everything we need to make our .cpp files happy." alt="" coords="236,360,324,387">
<area shape="rect" title="Everything we need to make our .cpp files happy." alt="" coords="248,411,312,437">
<area shape="rect" title="Everything we need to make our .cpp files happy." alt="" coords="248,461,312,488">
