<area shape="rect" href="$dsm_8h.html" title="Log messages." alt="" coords="120,233,179,260">
<area shape="rect" title="Everything we need to make our .cpp files happy." alt="" coords="229,5,315,32">
<area shape="rect" title="Everything we need to make our .cpp files happy." alt="" coords="239,56,305,83">
<area shape="rect" href="$resource_8h&#45;source.html" title="Everything we need to make our .cpp files happy." alt="" coords="229,107,315,133">
<area shape="rect" title="Everything we need to make our .cpp files happy." alt="" coords="241,157,303,184">
<area shape="rect" title="Everything we need to make our .cpp files happy." alt="" coords="237,208,307,235">
<area shape="rect" title="Everything we need to make our .cpp files happy." alt="" coords="239,259,305,285">
<area shape="rect" title="Everything we need to make our .cpp files happy." alt="" coords="233,309,311,336">
<area shape="rect" title="Everything we need to make our .cpp files happy." alt="" coords="228,360,316,387">
<area shape="rect" title="Everything we need to make our .cpp files happy." alt="" coords="240,411,304,437">
<area shape="rect" title="Everything we need to make our .cpp files happy." alt="" coords="240,461,304,488">
