<area shape="rect" title="Everything we need to make our .cpp files happy." alt="" coords="115,5,200,32">
<area shape="rect" title="Everything we need to make our .cpp files happy." alt="" coords="124,56,191,83">
<area shape="rect" href="$resource_8h&#45;source.html" title="Everything we need to make our .cpp files happy." alt="" coords="115,107,200,133">
<area shape="rect" title="Everything we need to make our .cpp files happy." alt="" coords="127,157,188,184">
<area shape="rect" title="Everything we need to make our .cpp files happy." alt="" coords="123,208,192,235">
<area shape="rect" title="Everything we need to make our .cpp files happy." alt="" coords="124,259,191,285">
<area shape="rect" title="Everything we need to make our .cpp files happy." alt="" coords="119,309,196,336">
<area shape="rect" title="Everything we need to make our .cpp files happy." alt="" coords="113,360,201,387">
<area shape="rect" title="Everything we need to make our .cpp files happy." alt="" coords="125,411,189,437">
<area shape="rect" title="Everything we need to make our .cpp files happy." alt="" coords="125,461,189,488">
