<area shape="rect" title="identity" alt="" coords="67,28,75,36">
<area shape="rect" title="identity" alt="" coords="336,273,344,281">
<area shape="rect" href="$structDS__INFO.html" title="Describes everything we need to know about the Data Source over the course of the..." alt="" coords="236,96,316,123">
<area shape="rect" title="Identity" alt="" coords="80,28,88,36">
<area shape="rect" title="Identity" alt="" coords="232,95,240,103">
<area shape="rect" title="hwnd" alt="" coords="365,209,373,217">
<area shape="rect" title="hwnd" alt="" coords="365,273,373,281">
<area shape="rect" href="$structDS__LIST.html" title="Structure to hold a list of Data Sources." alt="" coords="239,187,313,213">
<area shape="rect" title="pDSList" alt="" coords="280,209,288,217">
<area shape="rect" title="pDSList" alt="" coords="341,273,349,281">
<area shape="rect" title="DSInfo" alt="" coords="272,119,280,127">
<area shape="rect" title="DSInfo" alt="" coords="272,183,280,191">
<area shape="rect" title="pHandle" alt="" coords="195,28,203,36">
<area shape="rect" title="pHandle" alt="" coords="245,92,253,100">
<area shape="rect" title="bCallbackPending" alt="" coords="293,28,301,36">
<area shape="rect" title="bCallbackPending" alt="" coords="269,92,277,100">
<area shape="rect" title="szPath" alt="" coords="403,28,411,36">
<area shape="rect" title="szPath" alt="" coords="312,95,320,103">
<area shape="rect" title="DS_Entry" alt="" coords="501,28,509,36">
<area shape="rect" title="DS_Entry" alt="" coords="312,95,320,103">
<area shape="rect" title="twcallback" alt="" coords="637,28,645,36">
<area shape="rect" title="twcallback" alt="" coords="312,95,320,103">
<area shape="rect" title="NumFiles" alt="" coords="368,119,376,127">
<area shape="rect" title="NumFiles" alt="" coords="289,183,297,191">
<area shape="rect" title="CurrentState" alt="" coords="452,209,460,217">
<area shape="rect" title="CurrentState" alt="" coords="380,273,388,281">
<area shape="rect" title="ConditionCode" alt="" coords="565,209,573,217">
<area shape="rect" title="ConditionCode" alt="" coords="411,279,419,287">
