<area shape="rect" href="$structDS__INFO.html" title="Describes everything we need to know about the Data Source over the course of the..." alt="" coords="331,96,411,123">
<area shape="rect" title="DSInfo" alt="" coords="377,119,385,127">
<area shape="rect" title="DSInfo" alt="" coords="431,183,439,191">
<area shape="rect" title="pHandle" alt="" coords="77,28,85,36">
<area shape="rect" title="pHandle" alt="" coords="327,101,335,109">
<area shape="rect" title="Identity" alt="" coords="199,28,207,36">
<area shape="rect" title="Identity" alt="" coords="327,99,335,107">
<area shape="rect" title="bCallbackPending" alt="" coords="301,28,309,36">
<area shape="rect" title="bCallbackPending" alt="" coords="327,95,335,103">
<area shape="rect" title="szPath" alt="" coords="416,28,424,36">
<area shape="rect" title="szPath" alt="" coords="387,92,395,100">
<area shape="rect" title="DS_Entry" alt="" coords="513,28,521,36">
<area shape="rect" title="DS_Entry" alt="" coords="407,92,415,100">
<area shape="rect" title="twcallback" alt="" coords="647,28,655,36">
<area shape="rect" title="twcallback" alt="" coords="407,95,415,103">
<area shape="rect" title="NumFiles" alt="" coords="475,119,483,127">
<area shape="rect" title="NumFiles" alt="" coords="448,183,456,191">
