<area shape="rect" title="m_DefaultDSPath" alt="" coords="177,28,185,36">
<area shape="rect" title="m_DefaultDSPath" alt="" coords="277,652,285,660">
<area shape="rect" href="$structDS__INFO.html" title="Describes everything we need to know about the Data Source over the course of the..." alt="" coords="405,96,485,123">
<area shape="rect" title="szPath" alt="" coords="203,27,211,35">
<area shape="rect" title="szPath" alt="" coords="401,97,409,105">
<area shape="rect" title="m_nextDsId" alt="" coords="400,572,408,580">
<area shape="rect" title="m_nextDsId" alt="" coords="353,652,361,660">
<area shape="rect" href="$classCTwnDsmApps.html" title="Class to hold list of connected applications." alt="" coords="220,549,335,576">
<area shape="rect" title="m_ptwndsmapps" alt="" coords="269,572,277,580">
<area shape="rect" title="m_ptwndsmapps" alt="" coords="299,652,307,660">
<area shape="rect" href="$classCTwnDsmAppsImpl.html" title="Impl Class to hold list of connected applications." alt="" coords="225,459,364,485">
<area shape="rect" title="m_ptwndsmappsimpl" alt="" coords="288,481,296,489">
<area shape="rect" title="m_ptwndsmappsimpl" alt="" coords="276,545,284,553">
<area shape="rect" href="$structCTwnDsmAppsImpl_1_1__pod.html" title="We use a pod system because it help prevents us from making dumb initialization mistakes..." alt="" coords="217,368,393,395">
<area shape="rect" title="pod" alt="" coords="300,391,308,399">
<area shape="rect" title="pod" alt="" coords="292,455,300,463">
<area shape="rect" title="m_conditioncode" alt="" coords="313,119,321,127">
<area shape="rect" title="m_conditioncode" alt="" coords="301,364,309,372">
<area shape="rect" href="$structDS__LIST.html" title="Structure to hold a list of Data Sources." alt="" coords="613,187,688,213">
<area shape="rect" title="NumFiles" alt="" coords="345,119,353,127">
<area shape="rect" title="NumFiles" alt="" coords="609,185,617,193">
<area shape="rect" href="$structAPP__INFO.html" title="Structure to hold data about a connected application, we use DS_LIST so we don&#39;t..." alt="" coords="559,277,649,304">
<area shape="rect" title="m_AppInfo" alt="" coords="556,300,564,308">
<area shape="rect" title="m_AppInfo" alt="" coords="345,364,353,372">
<area shape="rect" title="identity" alt="" coords="723,28,731,36">
<area shape="rect" title="identity" alt="" coords="645,277,653,285">
<area shape="rect" title="Identity" alt="" coords="691,28,699,36">
<area shape="rect" title="Identity" alt="" coords="481,97,489,105">
<area shape="rect" title="hwnd" alt="" coords="788,209,796,217">
<area shape="rect" title="hwnd" alt="" coords="645,281,653,289">
<area shape="rect" title="pDSList" alt="" coords="644,209,652,217">
<area shape="rect" title="pDSList" alt="" coords="613,273,621,281">
<area shape="rect" title="DSInfo" alt="" coords="472,119,480,127">
<area shape="rect" title="DSInfo" alt="" coords="616,183,624,191">
<area shape="rect" title="pHandle" alt="" coords="564,28,572,36">
<area shape="rect" title="pHandle" alt="" coords="469,92,477,100">
<area shape="rect" title="bCallbackPending" alt="" coords="65,28,73,36">
<area shape="rect" title="bCallbackPending" alt="" coords="401,97,409,105">
<area shape="rect" title="DS_Entry" alt="" coords="315,28,323,36">
<area shape="rect" title="DS_Entry" alt="" coords="417,92,425,100">
<area shape="rect" title="twcallback" alt="" coords="441,28,449,36">
<area shape="rect" title="twcallback" alt="" coords="441,92,449,100">
<area shape="rect" title="CurrentState" alt="" coords="429,209,437,217">
<area shape="rect" title="CurrentState" alt="" coords="555,280,563,288">
<area shape="rect" title="ConditionCode" alt="" coords="536,209,544,217">
<area shape="rect" title="ConditionCode" alt="" coords="563,273,571,281">
<area shape="rect" title="m_pSelectDlgAppId\nm_pSelectDlgDsId" alt="" coords="528,572,536,580">
<area shape="rect" title="m_pSelectDlgAppId\nm_pSelectDlgDsId" alt="" coords="399,655,407,663">
